30 WARNING: Assuming this is not an Anaconda environment or an additional venv/pipenv/... environment manager is being used on top, because the conda-meta folder /Users/lishuyang/PycharmProjects/fiber-diameter-measurement/.venv/conda-meta does not exist.
35 INFO: PyInstaller: 6.19.0, contrib hooks: 2026.3
36 INFO: Python: 3.13.12 (conda)
42 INFO: Platform: macOS-26.6.2-arm64-arm-64bit-Mach-O
42 INFO: Python environment: /Users/lishuyang/PycharmProjects/fiber-diameter-measurement/.venv
44 INFO: Removing temporary files and cleaning cache in /Users/lishuyang/Library/Application Support/pyinstaller
64 INFO: Module search paths (PYTHONPATH):
['/Users/lishuyang/PycharmProjects/fiber-diameter-measurement',
 '/opt/miniconda3/lib/python313.zip',
 '/opt/miniconda3/lib/python3.13',
 '/opt/miniconda3/lib/python3.13/lib-dynload',
 '/Users/lishuyang/PycharmProjects/fiber-diameter-measurement/.venv/lib/python3.13/site-packages',
 '/Users/lishuyang/PycharmProjects/fiber-diameter-measurement/src',
 '/Users/lishuyang/PycharmProjects/fiber-diameter-measurement/docs/research/quick-diameter-2026-09-15',
 '/Users/lishuyang/PycharmProjects/fiber-diameter-measurement/src']
26 WARNING: Assuming this is not an Anaconda environment or an additional venv/pipenv/... environment manager is being used on top, because the conda-meta folder /Users/lishuyang/PycharmProjects/fiber-diameter-measurement/.venv/conda-meta does not exist.
176 INFO: checking Analysis
176 INFO: Building Analysis because Analysis-00.toc is non existent
176 INFO: Looking for Python shared library...
176 INFO: Using Python shared library: /opt/miniconda3/lib/libpython3.13.dylib
176 INFO: Running Analysis Analysis-00.toc
176 INFO: Target bytecode optimization level: 0
176 INFO: Initializing module dependency graph...
177 INFO: Initializing module graph hook caches...
180 INFO: Analyzing modules for base_library.zip ...
23 WARNING: Assuming this is not an Anaconda environment or an additional venv/pipenv/... environment manager is being used on top, because the conda-meta folder /Users/lishuyang/PycharmProjects/fiber-diameter-measurement/.venv/conda-meta does not exist.
23 WARNING: Assuming this is not an Anaconda environment or an additional venv/pipenv/... environment manager is being used on top, because the conda-meta folder /Users/lishuyang/PycharmProjects/fiber-diameter-measurement/.venv/conda-meta does not exist.
23 WARNING: Assuming this is not an Anaconda environment or an additional venv/pipenv/... environment manager is being used on top, because the conda-meta folder /Users/lishuyang/PycharmProjects/fiber-diameter-measurement/.venv/conda-meta does not exist.
436 INFO: Processing standard module hook 'hook-heapq.py' from '/Users/lishuyang/PycharmProjects/fiber-diameter-measurement/.venv/lib/python3.13/site-packages/PyInstaller/hooks'
639 INFO: Processing standard module hook 'hook-encodings.py' from '/Users/lishuyang/PycharmProjects/fiber-diameter-measurement/.venv/lib/python3.13/site-packages/PyInstaller/hooks'
24 WARNING: Assuming this is not an Anaconda environment or an additional venv/pipenv/... environment manager is being used on top, because the conda-meta folder /Users/lishuyang/PycharmProjects/fiber-diameter-measurement/.venv/conda-meta does not exist.
1284 INFO: Processing standard module hook 'hook-pickle.py' from '/Users/lishuyang/PycharmProjects/fiber-diameter-measurement/.venv/lib/python3.13/site-packages/PyInstaller/hooks'
1889 INFO: Caching module dependency graph...
1902 INFO: Analyzing /Users/lishuyang/PycharmProjects/fiber-diameter-measurement/docs/research/quick-diameter-2026-09-15/frozen_probe.py
1915 INFO: Processing standard module hook 'hook-platform.py' from '/Users/lishuyang/PycharmProjects/fiber-diameter-measurement/.venv/lib/python3.13/site-packages/PyInstaller/hooks'
1927 INFO: Processing standard module hook 'hook-xml.py' from '/Users/lishuyang/PycharmProjects/fiber-diameter-measurement/.venv/lib/python3.13/site-packages/PyInstaller/hooks'
1941 INFO: Processing standard module hook 'hook-sysconfig.py' from '/Users/lishuyang/PycharmProjects/fiber-diameter-measurement/.venv/lib/python3.13/site-packages/PyInstaller/hooks'
1947 INFO: Processing standard module hook 'hook-_osx_support.py' from '/Users/lishuyang/PycharmProjects/fiber-diameter-measurement/.venv/lib/python3.13/site-packages/PyInstaller/hooks'
1949 INFO: Processing standard module hook 'hook-_ctypes.py' from '/Users/lishuyang/PycharmProjects/fiber-diameter-measurement/.venv/lib/python3.13/site-packages/PyInstaller/hooks'
1976 INFO: Processing standard module hook 'hook-cv2.py' from '/Users/lishuyang/PycharmProjects/fiber-diameter-measurement/.venv/lib/python3.13/site-packages/_pyinstaller_hooks_contrib/stdhooks'
20 WARNING: Assuming this is not an Anaconda environment or an additional venv/pipenv/... environment manager is being used on top, because the conda-meta folder /Users/lishuyang/PycharmProjects/fiber-diameter-measurement/.venv/conda-meta does not exist.
2131 INFO: Processing standard module hook 'hook-numpy.py' from '/Users/lishuyang/PycharmProjects/fiber-diameter-measurement/.venv/lib/python3.13/site-packages/PyInstaller/hooks'
2340 INFO: Processing standard module hook 'hook-difflib.py' from '/Users/lishuyang/PycharmProjects/fiber-diameter-measurement/.venv/lib/python3.13/site-packages/PyInstaller/hooks'
2426 INFO: Processing standard module hook 'hook-multiprocessing.util.py' from '/Users/lishuyang/PycharmProjects/fiber-diameter-measurement/.venv/lib/python3.13/site-packages/PyInstaller/hooks'
3503 INFO: Processing pre-safe-import-module hook 'hook-typing_extensions.py' from '/Users/lishuyang/PycharmProjects/fiber-diameter-measurement/.venv/lib/python3.13/site-packages/PyInstaller/hooks/pre_safe_import_module'
3504 INFO: SetuptoolsInfo: initializing cached setuptools info...
46 WARNING: Assuming this is not an Anaconda environment or an additional venv/pipenv/... environment manager is being used on top, because the conda-meta folder /Users/lishuyang/PycharmProjects/fiber-diameter-measurement/.venv/conda-meta does not exist.
4094 INFO: Processing standard module hook 'hook-skimage.py' from '/Users/lishuyang/PycharmProjects/fiber-diameter-measurement/.venv/lib/python3.13/site-packages/_pyinstaller_hooks_contrib/stdhooks'
4108 INFO: Processing pre-safe-import-module hook 'hook-packaging.py' from '/Users/lishuyang/PycharmProjects/fiber-diameter-measurement/.venv/lib/python3.13/site-packages/PyInstaller/hooks/pre_safe_import_module'
4158 INFO: Processing standard module hook 'hook-skimage.morphology.py' from '/Users/lishuyang/PycharmProjects/fiber-diameter-measurement/.venv/lib/python3.13/site-packages/_pyinstaller_hooks_contrib/stdhooks'
4219 INFO: Processing standard module hook 'hook-scipy.py' from '/Users/lishuyang/PycharmProjects/fiber-diameter-measurement/.venv/lib/python3.13/site-packages/PyInstaller/hooks'
22 WARNING: Assuming this is not an Anaconda environment or an additional venv/pipenv/... environment manager is being used on top, because the conda-meta folder /Users/lishuyang/PycharmProjects/fiber-diameter-measurement/.venv/conda-meta does not exist.
4618 INFO: Processing standard module hook 'hook-scipy.special._ufuncs.py' from '/Users/lishuyang/PycharmProjects/fiber-diameter-measurement/.venv/lib/python3.13/site-packages/PyInstaller/hooks'
4694 INFO: Processing standard module hook 'hook-scipy.linalg.py' from '/Users/lishuyang/PycharmProjects/fiber-diameter-measurement/.venv/lib/python3.13/site-packages/PyInstaller/hooks'
5845 INFO: Processing standard module hook 'hook-scipy.spatial._ckdtree.py' from '/Users/lishuyang/PycharmProjects/fiber-diameter-measurement/.venv/lib/python3.13/site-packages/PyInstaller/hooks'
6144 INFO: Processing standard module hook 'hook-scipy.spatial.transform.rotation.py' from '/Users/lishuyang/PycharmProjects/fiber-diameter-measurement/.venv/lib/python3.13/site-packages/PyInstaller/hooks'
6582 INFO: Processing standard module hook 'hook-scipy.stats._stats.py' from '/Users/lishuyang/PycharmProjects/fiber-diameter-measurement/.venv/lib/python3.13/site-packages/PyInstaller/hooks'
6822 INFO: Processing standard module hook 'hook-scipy.sparse.csgraph.py' from '/Users/lishuyang/PycharmProjects/fiber-diameter-measurement/.venv/lib/python3.13/site-packages/PyInstaller/hooks'
7130 INFO: Processing standard module hook 'hook-scipy.special._ellip_harm_2.py' from '/Users/lishuyang/PycharmProjects/fiber-diameter-measurement/.venv/lib/python3.13/site-packages/PyInstaller/hooks'
7145 INFO: Processing standard module hook 'hook-skimage.draw.py' from '/Users/lishuyang/PycharmProjects/fiber-diameter-measurement/.venv/lib/python3.13/site-packages/_pyinstaller_hooks_contrib/stdhooks'
21 WARNING: Assuming this is not an Anaconda environment or an additional venv/pipenv/... environment manager is being used on top, because the conda-meta folder /Users/lishuyang/PycharmProjects/fiber-diameter-measurement/.venv/conda-meta does not exist.
7303 INFO: Processing standard module hook 'hook-skimage.exposure.py' from '/Users/lishuyang/PycharmProjects/fiber-diameter-measurement/.venv/lib/python3.13/site-packages/_pyinstaller_hooks_contrib/stdhooks'
23 WARNING: Assuming this is not an Anaconda environment or an additional venv/pipenv/... environment manager is being used on top, because the conda-meta folder /Users/lishuyang/PycharmProjects/fiber-diameter-measurement/.venv/conda-meta does not exist.
7491 INFO: Processing standard module hook 'hook-skimage.measure.py' from '/Users/lishuyang/PycharmProjects/fiber-diameter-measurement/.venv/lib/python3.13/site-packages/_pyinstaller_hooks_contrib/stdhooks'
20 WARNING: Assuming this is not an Anaconda environment or an additional venv/pipenv/... environment manager is being used on top, because the conda-meta folder /Users/lishuyang/PycharmProjects/fiber-diameter-measurement/.venv/conda-meta does not exist.
7657 INFO: Processing standard module hook 'hook-skimage.filters.py' from '/Users/lishuyang/PycharmProjects/fiber-diameter-measurement/.venv/lib/python3.13/site-packages/_pyinstaller_hooks_contrib/stdhooks'
22 WARNING: Assuming this is not an Anaconda environment or an additional venv/pipenv/... environment manager is being used on top, because the conda-meta folder /Users/lishuyang/PycharmProjects/fiber-diameter-measurement/.venv/conda-meta does not exist.
8026 INFO: Processing standard module hook 'hook-PySide6.py' from '/Users/lishuyang/PycharmProjects/fiber-diameter-measurement/.venv/lib/python3.13/site-packages/PyInstaller/hooks'
8112 INFO: Processing standard module hook 'hook-shiboken6.py' from '/Users/lishuyang/PycharmProjects/fiber-diameter-measurement/.venv/lib/python3.13/site-packages/PyInstaller/hooks'
8189 INFO: Processing standard module hook 'hook-PySide6.QtNetwork.py' from '/Users/lishuyang/PycharmProjects/fiber-diameter-measurement/.venv/lib/python3.13/site-packages/PyInstaller/hooks'
9430 INFO: Processing standard module hook 'hook-PySide6.QtCore.py' from '/Users/lishuyang/PycharmProjects/fiber-diameter-measurement/.venv/lib/python3.13/site-packages/PyInstaller/hooks'
9866 INFO: Processing standard module hook 'hook-PySide6.QtGui.py' from '/Users/lishuyang/PycharmProjects/fiber-diameter-measurement/.venv/lib/python3.13/site-packages/PyInstaller/hooks'
10076 INFO: Processing standard module hook 'hook-fdm.services.fiber_quick_geometry.py' from '/Users/lishuyang/PycharmProjects/fiber-diameter-measurement/packaging/pyinstaller/hooks'
10560 INFO: Processing standard module hook 'hook-PIL.py' from '/Users/lishuyang/PycharmProjects/fiber-diameter-measurement/.venv/lib/python3.13/site-packages/PyInstaller/hooks'
10601 INFO: Processing standard module hook 'hook-PIL.Image.py' from '/Users/lishuyang/PycharmProjects/fiber-diameter-measurement/.venv/lib/python3.13/site-packages/PyInstaller/hooks'
20 WARNING: Assuming this is not an Anaconda environment or an additional venv/pipenv/... environment manager is being used on top, because the conda-meta folder /Users/lishuyang/PycharmProjects/fiber-diameter-measurement/.venv/conda-meta does not exist.
10725 INFO: Processing standard module hook 'hook-xml.etree.cElementTree.py' from '/Users/lishuyang/PycharmProjects/fiber-diameter-measurement/.venv/lib/python3.13/site-packages/PyInstaller/hooks'
10798 INFO: Processing standard module hook 'hook-PIL.ImageFilter.py' from '/Users/lishuyang/PycharmProjects/fiber-diameter-measurement/.venv/lib/python3.13/site-packages/PyInstaller/hooks'
11378 INFO: Processing standard module hook 'hook-xml.dom.domreg.py' from '/Users/lishuyang/PycharmProjects/fiber-diameter-measurement/.venv/lib/python3.13/site-packages/PyInstaller/hooks'
11452 INFO: Processing pre-find-module-path hook 'hook-tkinter.py' from '/Users/lishuyang/PycharmProjects/fiber-diameter-measurement/.venv/lib/python3.13/site-packages/PyInstaller/hooks/pre_find_module_path'
11453 INFO: TclTkInfo: initializing cached Tcl/Tk info...
11550 INFO: Processing standard module hook 'hook-_tkinter.py' from '/Users/lishuyang/PycharmProjects/fiber-diameter-measurement/.venv/lib/python3.13/site-packages/PyInstaller/hooks'
11692 INFO: Processing standard module hook 'hook-openpyxl.py' from '/Users/lishuyang/PycharmProjects/fiber-diameter-measurement/.venv/lib/python3.13/site-packages/_pyinstaller_hooks_contrib/stdhooks'
12236 INFO: Processing module hooks (post-graph stage)...
12480 INFO: Processing standard module hook 'hook-skimage.transform.py' from '/Users/lishuyang/PycharmProjects/fiber-diameter-measurement/.venv/lib/python3.13/site-packages/_pyinstaller_hooks_contrib/stdhooks'
23 WARNING: Assuming this is not an Anaconda environment or an additional venv/pipenv/... environment manager is being used on top, because the conda-meta folder /Users/lishuyang/PycharmProjects/fiber-diameter-measurement/.venv/conda-meta does not exist.
12652 INFO: Processing standard module hook 'hook-skimage.restoration.py' from '/Users/lishuyang/PycharmProjects/fiber-diameter-measurement/.venv/lib/python3.13/site-packages/_pyinstaller_hooks_contrib/stdhooks'
23 WARNING: Assuming this is not an Anaconda environment or an additional venv/pipenv/... environment manager is being used on top, because the conda-meta folder /Users/lishuyang/PycharmProjects/fiber-diameter-measurement/.venv/conda-meta does not exist.
12824 INFO: Processing standard module hook 'hook-skimage.feature.py' from '/Users/lishuyang/PycharmProjects/fiber-diameter-measurement/.venv/lib/python3.13/site-packages/_pyinstaller_hooks_contrib/stdhooks'
20 WARNING: Assuming this is not an Anaconda environment or an additional venv/pipenv/... environment manager is being used on top, because the conda-meta folder /Users/lishuyang/PycharmProjects/fiber-diameter-measurement/.venv/conda-meta does not exist.
13082 INFO: Processing standard module hook 'hook-skimage.color.py' from '/Users/lishuyang/PycharmProjects/fiber-diameter-measurement/.venv/lib/python3.13/site-packages/_pyinstaller_hooks_contrib/stdhooks'
22 WARNING: Assuming this is not an Anaconda environment or an additional venv/pipenv/... environment manager is being used on top, because the conda-meta folder /Users/lishuyang/PycharmProjects/fiber-diameter-measurement/.venv/conda-meta does not exist.
13312 INFO: Processing standard module hook 'hook-skimage.metrics.py' from '/Users/lishuyang/PycharmProjects/fiber-diameter-measurement/.venv/lib/python3.13/site-packages/_pyinstaller_hooks_contrib/stdhooks'
22 WARNING: Assuming this is not an Anaconda environment or an additional venv/pipenv/... environment manager is being used on top, because the conda-meta folder /Users/lishuyang/PycharmProjects/fiber-diameter-measurement/.venv/conda-meta does not exist.
13527 WARNING: Hidden import "scipy._lib.array_api_compat.numpy.fft" not found!
13531 WARNING: Hidden import "scipy.special._cdflib" not found!
13531 INFO: Processing standard module hook 'hook-_tkinter.py' from '/Users/lishuyang/PycharmProjects/fiber-diameter-measurement/.venv/lib/python3.13/site-packages/PyInstaller/hooks'
13642 INFO: Processing standard module hook 'hook-PIL.SpiderImagePlugin.py' from '/Users/lishuyang/PycharmProjects/fiber-diameter-measurement/.venv/lib/python3.13/site-packages/PyInstaller/hooks'
13694 INFO: Processing standard module hook 'hook-PySide6.QtDBus.py' from '/Users/lishuyang/PycharmProjects/fiber-diameter-measurement/.venv/lib/python3.13/site-packages/PyInstaller/hooks'
13787 INFO: Performing binary vs. data reclassification (481 entries)
13824 INFO: Looking for ctypes DLLs
13878 INFO: Analyzing run-time hooks ...
13880 INFO: Including run-time hook 'pyi_rth_inspect.py' from '/Users/lishuyang/PycharmProjects/fiber-diameter-measurement/.venv/lib/python3.13/site-packages/PyInstaller/hooks/rthooks'
13881 INFO: Including run-time hook 'pyi_rth_pkgutil.py' from '/Users/lishuyang/PycharmProjects/fiber-diameter-measurement/.venv/lib/python3.13/site-packages/PyInstaller/hooks/rthooks'
13881 INFO: Including run-time hook 'pyi_rth_multiprocessing.py' from '/Users/lishuyang/PycharmProjects/fiber-diameter-measurement/.venv/lib/python3.13/site-packages/PyInstaller/hooks/rthooks'
13882 INFO: Including run-time hook 'pyi_rth__tkinter.py' from '/Users/lishuyang/PycharmProjects/fiber-diameter-measurement/.venv/lib/python3.13/site-packages/PyInstaller/hooks/rthooks'
13882 INFO: Including run-time hook 'pyi_rth_pyside6.py' from '/Users/lishuyang/PycharmProjects/fiber-diameter-measurement/.venv/lib/python3.13/site-packages/PyInstaller/hooks/rthooks'
13885 INFO: Processing pre-find-module-path hook 'hook-_pyi_rth_utils.py' from '/Users/lishuyang/PycharmProjects/fiber-diameter-measurement/.venv/lib/python3.13/site-packages/PyInstaller/hooks/pre_find_module_path'
13887 INFO: Processing standard module hook 'hook-_pyi_rth_utils.py' from '/Users/lishuyang/PycharmProjects/fiber-diameter-measurement/.venv/lib/python3.13/site-packages/PyInstaller/hooks'
13902 INFO: Creating base_library.zip...
13911 INFO: Looking for dynamic libraries
14474 INFO: Warnings written to /tmp/fdm-quick-geometry-frozen-20260915/build/frozen_probe/warn-frozen_probe.txt
14496 INFO: Graph cross-reference written to /tmp/fdm-quick-geometry-frozen-20260915/build/frozen_probe/xref-frozen_probe.html
14670 INFO: checking PYZ
14670 INFO: Building PYZ because PYZ-00.toc is non existent
14670 INFO: Building PYZ (ZlibArchive) /tmp/fdm-quick-geometry-frozen-20260915/build/frozen_probe/PYZ-00.pyz
15443 INFO: Building PYZ (ZlibArchive) /tmp/fdm-quick-geometry-frozen-20260915/build/frozen_probe/PYZ-00.pyz completed successfully.
15451 INFO: EXE target arch: arm64
15451 INFO: Code signing identity: None
15451 INFO: checking PKG
15451 INFO: Building PKG because PKG-00.toc is non existent
15451 INFO: Building PKG (CArchive) fdm-quick-geometry-probe.pkg
15459 INFO: Building PKG (CArchive) fdm-quick-geometry-probe.pkg completed successfully.
15462 INFO: Bootloader /Users/lishuyang/PycharmProjects/fiber-diameter-measurement/.venv/lib/python3.13/site-packages/PyInstaller/bootloader/Darwin-64bit/run
15462 INFO: checking EXE
15462 INFO: Building EXE because EXE-00.toc is non existent
15462 INFO: Building EXE from EXE-00.toc
15462 INFO: Copying bootloader EXE to /tmp/fdm-quick-geometry-frozen-20260915/build/frozen_probe/fdm-quick-geometry-probe
15462 INFO: Converting EXE to target arch (arm64)
15481 INFO: Removing signature(s) from EXE
15495 INFO: Modifying Mach-O image UUID(s) in EXE
15502 INFO: Appending PKG archive to EXE
15504 INFO: Fixing EXE headers for code signing
15506 INFO: Rewriting the executable's macOS SDK version (15.5.0) to match the SDK version of the Python library (12.1.0) in order to avoid inconsistent behavior and potential UI issues in the frozen application.
15507 INFO: Re-signing the EXE
15531 INFO: Building EXE from EXE-00.toc completed successfully.
15535 INFO: checking COLLECT
15535 INFO: Building COLLECT because COLLECT-00.toc is non existent
15535 INFO: Removing dir /tmp/fdm-quick-geometry-frozen-20260915/dist/fdm-quick-geometry-probe
15575 INFO: Building COLLECT COLLECT-00.toc
29405 INFO: Building COLLECT COLLECT-00.toc completed successfully.
29409 INFO: Build complete! The results are available in: /tmp/fdm-quick-geometry-frozen-20260915/dist
