38 WARNING: Assuming this is not an Anaconda environment or an additional venv/pipenv/... environment manager is being used on top, because the conda-meta folder /Users/lishuyang/PycharmProjects/fiber-diameter-measurement/.venv/conda-meta does not exist.
44 INFO: PyInstaller: 6.19.0, contrib hooks: 2026.3
44 INFO: Python: 3.13.12 (conda)
51 INFO: Platform: macOS-26.6.2-arm64-arm-64bit-Mach-O
51 INFO: Python environment: /Users/lishuyang/PycharmProjects/fiber-diameter-measurement/.venv
54 INFO: Removing temporary files and cleaning cache in /Users/lishuyang/Library/Application Support/pyinstaller
81 INFO: Module search paths (PYTHONPATH):
['/Users/lishuyang/PycharmProjects/fiber-diameter-measurement',
 '/opt/miniconda3/lib/python313.zip',
 '/opt/miniconda3/lib/python3.13',
 '/opt/miniconda3/lib/python3.13/lib-dynload',
 '/Users/lishuyang/PycharmProjects/fiber-diameter-measurement/.venv/lib/python3.13/site-packages',
 '/Users/lishuyang/PycharmProjects/fiber-diameter-measurement/src',
 '/Users/lishuyang/PycharmProjects/fiber-diameter-measurement/docs/research/quick-diameter-2026-09-15',
 '/Users/lishuyang/PycharmProjects/fiber-diameter-measurement/src']
29 WARNING: Assuming this is not an Anaconda environment or an additional venv/pipenv/... environment manager is being used on top, because the conda-meta folder /Users/lishuyang/PycharmProjects/fiber-diameter-measurement/.venv/conda-meta does not exist.
203 INFO: checking Analysis
203 INFO: Building Analysis because Analysis-00.toc is non existent
203 INFO: Looking for Python shared library...
203 INFO: Using Python shared library: /opt/miniconda3/lib/libpython3.13.dylib
203 INFO: Running Analysis Analysis-00.toc
203 INFO: Target bytecode optimization level: 0
203 INFO: Initializing module dependency graph...
203 INFO: Initializing module graph hook caches...
213 INFO: Analyzing modules for base_library.zip ...
25 WARNING: Assuming this is not an Anaconda environment or an additional venv/pipenv/... environment manager is being used on top, because the conda-meta folder /Users/lishuyang/PycharmProjects/fiber-diameter-measurement/.venv/conda-meta does not exist.
24 WARNING: Assuming this is not an Anaconda environment or an additional venv/pipenv/... environment manager is being used on top, because the conda-meta folder /Users/lishuyang/PycharmProjects/fiber-diameter-measurement/.venv/conda-meta does not exist.
25 WARNING: Assuming this is not an Anaconda environment or an additional venv/pipenv/... environment manager is being used on top, because the conda-meta folder /Users/lishuyang/PycharmProjects/fiber-diameter-measurement/.venv/conda-meta does not exist.
586 INFO: Processing standard module hook 'hook-heapq.py' from '/Users/lishuyang/PycharmProjects/fiber-diameter-measurement/.venv/lib/python3.13/site-packages/PyInstaller/hooks'
641 INFO: Processing standard module hook 'hook-encodings.py' from '/Users/lishuyang/PycharmProjects/fiber-diameter-measurement/.venv/lib/python3.13/site-packages/PyInstaller/hooks'
25 WARNING: Assuming this is not an Anaconda environment or an additional venv/pipenv/... environment manager is being used on top, because the conda-meta folder /Users/lishuyang/PycharmProjects/fiber-diameter-measurement/.venv/conda-meta does not exist.
1559 INFO: Processing standard module hook 'hook-pickle.py' from '/Users/lishuyang/PycharmProjects/fiber-diameter-measurement/.venv/lib/python3.13/site-packages/PyInstaller/hooks'
2167 INFO: Caching module dependency graph...
2183 INFO: Analyzing /Users/lishuyang/PycharmProjects/fiber-diameter-measurement/docs/research/quick-diameter-2026-09-15/frozen_probe.py
2199 INFO: Processing standard module hook 'hook-platform.py' from '/Users/lishuyang/PycharmProjects/fiber-diameter-measurement/.venv/lib/python3.13/site-packages/PyInstaller/hooks'
2214 INFO: Processing standard module hook 'hook-xml.py' from '/Users/lishuyang/PycharmProjects/fiber-diameter-measurement/.venv/lib/python3.13/site-packages/PyInstaller/hooks'
2231 INFO: Processing standard module hook 'hook-sysconfig.py' from '/Users/lishuyang/PycharmProjects/fiber-diameter-measurement/.venv/lib/python3.13/site-packages/PyInstaller/hooks'
2238 INFO: Processing standard module hook 'hook-_osx_support.py' from '/Users/lishuyang/PycharmProjects/fiber-diameter-measurement/.venv/lib/python3.13/site-packages/PyInstaller/hooks'
2240 INFO: Processing standard module hook 'hook-_ctypes.py' from '/Users/lishuyang/PycharmProjects/fiber-diameter-measurement/.venv/lib/python3.13/site-packages/PyInstaller/hooks'
2273 INFO: Processing standard module hook 'hook-cv2.py' from '/Users/lishuyang/PycharmProjects/fiber-diameter-measurement/.venv/lib/python3.13/site-packages/_pyinstaller_hooks_contrib/stdhooks'
28 WARNING: Assuming this is not an Anaconda environment or an additional venv/pipenv/... environment manager is being used on top, because the conda-meta folder /Users/lishuyang/PycharmProjects/fiber-diameter-measurement/.venv/conda-meta does not exist.
2481 INFO: Processing standard module hook 'hook-numpy.py' from '/Users/lishuyang/PycharmProjects/fiber-diameter-measurement/.venv/lib/python3.13/site-packages/PyInstaller/hooks'
2724 INFO: Processing standard module hook 'hook-difflib.py' from '/Users/lishuyang/PycharmProjects/fiber-diameter-measurement/.venv/lib/python3.13/site-packages/PyInstaller/hooks'
2827 INFO: Processing standard module hook 'hook-multiprocessing.util.py' from '/Users/lishuyang/PycharmProjects/fiber-diameter-measurement/.venv/lib/python3.13/site-packages/PyInstaller/hooks'
4071 INFO: Processing pre-safe-import-module hook 'hook-typing_extensions.py' from '/Users/lishuyang/PycharmProjects/fiber-diameter-measurement/.venv/lib/python3.13/site-packages/PyInstaller/hooks/pre_safe_import_module'
4073 INFO: SetuptoolsInfo: initializing cached setuptools info...
61 WARNING: Assuming this is not an Anaconda environment or an additional venv/pipenv/... environment manager is being used on top, because the conda-meta folder /Users/lishuyang/PycharmProjects/fiber-diameter-measurement/.venv/conda-meta does not exist.
4766 INFO: Processing standard module hook 'hook-skimage.py' from '/Users/lishuyang/PycharmProjects/fiber-diameter-measurement/.venv/lib/python3.13/site-packages/_pyinstaller_hooks_contrib/stdhooks'
4791 INFO: Processing pre-safe-import-module hook 'hook-packaging.py' from '/Users/lishuyang/PycharmProjects/fiber-diameter-measurement/.venv/lib/python3.13/site-packages/PyInstaller/hooks/pre_safe_import_module'
4844 INFO: Processing standard module hook 'hook-skimage.morphology.py' from '/Users/lishuyang/PycharmProjects/fiber-diameter-measurement/.venv/lib/python3.13/site-packages/_pyinstaller_hooks_contrib/stdhooks'
4904 INFO: Processing standard module hook 'hook-scipy.py' from '/Users/lishuyang/PycharmProjects/fiber-diameter-measurement/.venv/lib/python3.13/site-packages/PyInstaller/hooks'
25 WARNING: Assuming this is not an Anaconda environment or an additional venv/pipenv/... environment manager is being used on top, because the conda-meta folder /Users/lishuyang/PycharmProjects/fiber-diameter-measurement/.venv/conda-meta does not exist.
5335 INFO: Processing standard module hook 'hook-scipy.special._ufuncs.py' from '/Users/lishuyang/PycharmProjects/fiber-diameter-measurement/.venv/lib/python3.13/site-packages/PyInstaller/hooks'
5414 INFO: Processing standard module hook 'hook-scipy.linalg.py' from '/Users/lishuyang/PycharmProjects/fiber-diameter-measurement/.venv/lib/python3.13/site-packages/PyInstaller/hooks'
6747 INFO: Processing standard module hook 'hook-scipy.spatial._ckdtree.py' from '/Users/lishuyang/PycharmProjects/fiber-diameter-measurement/.venv/lib/python3.13/site-packages/PyInstaller/hooks'
7098 INFO: Processing standard module hook 'hook-scipy.spatial.transform.rotation.py' from '/Users/lishuyang/PycharmProjects/fiber-diameter-measurement/.venv/lib/python3.13/site-packages/PyInstaller/hooks'
7624 INFO: Processing standard module hook 'hook-scipy.stats._stats.py' from '/Users/lishuyang/PycharmProjects/fiber-diameter-measurement/.venv/lib/python3.13/site-packages/PyInstaller/hooks'
7888 INFO: Processing standard module hook 'hook-scipy.sparse.csgraph.py' from '/Users/lishuyang/PycharmProjects/fiber-diameter-measurement/.venv/lib/python3.13/site-packages/PyInstaller/hooks'
8239 INFO: Processing standard module hook 'hook-scipy.special._ellip_harm_2.py' from '/Users/lishuyang/PycharmProjects/fiber-diameter-measurement/.venv/lib/python3.13/site-packages/PyInstaller/hooks'
8257 INFO: Processing standard module hook 'hook-skimage.draw.py' from '/Users/lishuyang/PycharmProjects/fiber-diameter-measurement/.venv/lib/python3.13/site-packages/_pyinstaller_hooks_contrib/stdhooks'
25 WARNING: Assuming this is not an Anaconda environment or an additional venv/pipenv/... environment manager is being used on top, because the conda-meta folder /Users/lishuyang/PycharmProjects/fiber-diameter-measurement/.venv/conda-meta does not exist.
8460 INFO: Processing standard module hook 'hook-skimage.exposure.py' from '/Users/lishuyang/PycharmProjects/fiber-diameter-measurement/.venv/lib/python3.13/site-packages/_pyinstaller_hooks_contrib/stdhooks'
25 WARNING: Assuming this is not an Anaconda environment or an additional venv/pipenv/... environment manager is being used on top, because the conda-meta folder /Users/lishuyang/PycharmProjects/fiber-diameter-measurement/.venv/conda-meta does not exist.
8669 INFO: Processing standard module hook 'hook-skimage.measure.py' from '/Users/lishuyang/PycharmProjects/fiber-diameter-measurement/.venv/lib/python3.13/site-packages/_pyinstaller_hooks_contrib/stdhooks'
25 WARNING: Assuming this is not an Anaconda environment or an additional venv/pipenv/... environment manager is being used on top, because the conda-meta folder /Users/lishuyang/PycharmProjects/fiber-diameter-measurement/.venv/conda-meta does not exist.
8863 INFO: Processing standard module hook 'hook-skimage.filters.py' from '/Users/lishuyang/PycharmProjects/fiber-diameter-measurement/.venv/lib/python3.13/site-packages/_pyinstaller_hooks_contrib/stdhooks'
25 WARNING: Assuming this is not an Anaconda environment or an additional venv/pipenv/... environment manager is being used on top, because the conda-meta folder /Users/lishuyang/PycharmProjects/fiber-diameter-measurement/.venv/conda-meta does not exist.
9291 INFO: Processing standard module hook 'hook-PySide6.py' from '/Users/lishuyang/PycharmProjects/fiber-diameter-measurement/.venv/lib/python3.13/site-packages/PyInstaller/hooks'
9384 INFO: Processing standard module hook 'hook-shiboken6.py' from '/Users/lishuyang/PycharmProjects/fiber-diameter-measurement/.venv/lib/python3.13/site-packages/PyInstaller/hooks'
9467 INFO: Processing standard module hook 'hook-PySide6.QtNetwork.py' from '/Users/lishuyang/PycharmProjects/fiber-diameter-measurement/.venv/lib/python3.13/site-packages/PyInstaller/hooks'
9949 INFO: Processing standard module hook 'hook-PySide6.QtCore.py' from '/Users/lishuyang/PycharmProjects/fiber-diameter-measurement/.venv/lib/python3.13/site-packages/PyInstaller/hooks'
10456 INFO: Processing standard module hook 'hook-PySide6.QtGui.py' from '/Users/lishuyang/PycharmProjects/fiber-diameter-measurement/.venv/lib/python3.13/site-packages/PyInstaller/hooks'
10735 INFO: Processing standard module hook 'hook-fdm.services.fiber_quick_geometry.py' from '/Users/lishuyang/PycharmProjects/fiber-diameter-measurement/packaging/pyinstaller/hooks'
11300 INFO: Processing standard module hook 'hook-PIL.py' from '/Users/lishuyang/PycharmProjects/fiber-diameter-measurement/.venv/lib/python3.13/site-packages/PyInstaller/hooks'
11349 INFO: Processing standard module hook 'hook-PIL.Image.py' from '/Users/lishuyang/PycharmProjects/fiber-diameter-measurement/.venv/lib/python3.13/site-packages/PyInstaller/hooks'
25 WARNING: Assuming this is not an Anaconda environment or an additional venv/pipenv/... environment manager is being used on top, because the conda-meta folder /Users/lishuyang/PycharmProjects/fiber-diameter-measurement/.venv/conda-meta does not exist.
11507 INFO: Processing standard module hook 'hook-xml.etree.cElementTree.py' from '/Users/lishuyang/PycharmProjects/fiber-diameter-measurement/.venv/lib/python3.13/site-packages/PyInstaller/hooks'
11595 INFO: Processing standard module hook 'hook-PIL.ImageFilter.py' from '/Users/lishuyang/PycharmProjects/fiber-diameter-measurement/.venv/lib/python3.13/site-packages/PyInstaller/hooks'
12262 INFO: Processing standard module hook 'hook-xml.dom.domreg.py' from '/Users/lishuyang/PycharmProjects/fiber-diameter-measurement/.venv/lib/python3.13/site-packages/PyInstaller/hooks'
12351 INFO: Processing pre-find-module-path hook 'hook-tkinter.py' from '/Users/lishuyang/PycharmProjects/fiber-diameter-measurement/.venv/lib/python3.13/site-packages/PyInstaller/hooks/pre_find_module_path'
12352 INFO: TclTkInfo: initializing cached Tcl/Tk info...
12467 INFO: Processing standard module hook 'hook-_tkinter.py' from '/Users/lishuyang/PycharmProjects/fiber-diameter-measurement/.venv/lib/python3.13/site-packages/PyInstaller/hooks'
12632 INFO: Processing standard module hook 'hook-openpyxl.py' from '/Users/lishuyang/PycharmProjects/fiber-diameter-measurement/.venv/lib/python3.13/site-packages/_pyinstaller_hooks_contrib/stdhooks'
13272 INFO: Processing module hooks (post-graph stage)...
13553 INFO: Processing standard module hook 'hook-skimage.transform.py' from '/Users/lishuyang/PycharmProjects/fiber-diameter-measurement/.venv/lib/python3.13/site-packages/_pyinstaller_hooks_contrib/stdhooks'
25 WARNING: Assuming this is not an Anaconda environment or an additional venv/pipenv/... environment manager is being used on top, because the conda-meta folder /Users/lishuyang/PycharmProjects/fiber-diameter-measurement/.venv/conda-meta does not exist.
13746 INFO: Processing standard module hook 'hook-skimage.restoration.py' from '/Users/lishuyang/PycharmProjects/fiber-diameter-measurement/.venv/lib/python3.13/site-packages/_pyinstaller_hooks_contrib/stdhooks'
25 WARNING: Assuming this is not an Anaconda environment or an additional venv/pipenv/... environment manager is being used on top, because the conda-meta folder /Users/lishuyang/PycharmProjects/fiber-diameter-measurement/.venv/conda-meta does not exist.
13941 INFO: Processing standard module hook 'hook-skimage.feature.py' from '/Users/lishuyang/PycharmProjects/fiber-diameter-measurement/.venv/lib/python3.13/site-packages/_pyinstaller_hooks_contrib/stdhooks'
24 WARNING: Assuming this is not an Anaconda environment or an additional venv/pipenv/... environment manager is being used on top, because the conda-meta folder /Users/lishuyang/PycharmProjects/fiber-diameter-measurement/.venv/conda-meta does not exist.
14240 INFO: Processing standard module hook 'hook-skimage.color.py' from '/Users/lishuyang/PycharmProjects/fiber-diameter-measurement/.venv/lib/python3.13/site-packages/_pyinstaller_hooks_contrib/stdhooks'
26 WARNING: Assuming this is not an Anaconda environment or an additional venv/pipenv/... environment manager is being used on top, because the conda-meta folder /Users/lishuyang/PycharmProjects/fiber-diameter-measurement/.venv/conda-meta does not exist.
14511 INFO: Processing standard module hook 'hook-skimage.metrics.py' from '/Users/lishuyang/PycharmProjects/fiber-diameter-measurement/.venv/lib/python3.13/site-packages/_pyinstaller_hooks_contrib/stdhooks'
25 WARNING: Assuming this is not an Anaconda environment or an additional venv/pipenv/... environment manager is being used on top, because the conda-meta folder /Users/lishuyang/PycharmProjects/fiber-diameter-measurement/.venv/conda-meta does not exist.
14765 WARNING: Hidden import "scipy._lib.array_api_compat.numpy.fft" not found!
14769 WARNING: Hidden import "scipy.special._cdflib" not found!
14770 INFO: Processing standard module hook 'hook-_tkinter.py' from '/Users/lishuyang/PycharmProjects/fiber-diameter-measurement/.venv/lib/python3.13/site-packages/PyInstaller/hooks'
14906 INFO: Processing standard module hook 'hook-PIL.SpiderImagePlugin.py' from '/Users/lishuyang/PycharmProjects/fiber-diameter-measurement/.venv/lib/python3.13/site-packages/PyInstaller/hooks'
14962 INFO: Processing standard module hook 'hook-PySide6.QtDBus.py' from '/Users/lishuyang/PycharmProjects/fiber-diameter-measurement/.venv/lib/python3.13/site-packages/PyInstaller/hooks'
15067 INFO: Performing binary vs. data reclassification (481 entries)
15115 INFO: Looking for ctypes DLLs
15181 INFO: Analyzing run-time hooks ...
15184 INFO: Including run-time hook 'pyi_rth_inspect.py' from '/Users/lishuyang/PycharmProjects/fiber-diameter-measurement/.venv/lib/python3.13/site-packages/PyInstaller/hooks/rthooks'
15185 INFO: Including run-time hook 'pyi_rth_pkgutil.py' from '/Users/lishuyang/PycharmProjects/fiber-diameter-measurement/.venv/lib/python3.13/site-packages/PyInstaller/hooks/rthooks'
15186 INFO: Including run-time hook 'pyi_rth_multiprocessing.py' from '/Users/lishuyang/PycharmProjects/fiber-diameter-measurement/.venv/lib/python3.13/site-packages/PyInstaller/hooks/rthooks'
15187 INFO: Including run-time hook 'pyi_rth__tkinter.py' from '/Users/lishuyang/PycharmProjects/fiber-diameter-measurement/.venv/lib/python3.13/site-packages/PyInstaller/hooks/rthooks'
15188 INFO: Including run-time hook 'pyi_rth_pyside6.py' from '/Users/lishuyang/PycharmProjects/fiber-diameter-measurement/.venv/lib/python3.13/site-packages/PyInstaller/hooks/rthooks'
15188 INFO: Processing pre-find-module-path hook 'hook-_pyi_rth_utils.py' from '/Users/lishuyang/PycharmProjects/fiber-diameter-measurement/.venv/lib/python3.13/site-packages/PyInstaller/hooks/pre_find_module_path'
15189 INFO: Processing standard module hook 'hook-_pyi_rth_utils.py' from '/Users/lishuyang/PycharmProjects/fiber-diameter-measurement/.venv/lib/python3.13/site-packages/PyInstaller/hooks'
15205 INFO: Creating base_library.zip...
15216 INFO: Looking for dynamic libraries
15968 INFO: Warnings written to /tmp/fdm-quick-correction-frozen-20260915/build/frozen_probe/warn-frozen_probe.txt
15996 INFO: Graph cross-reference written to /tmp/fdm-quick-correction-frozen-20260915/build/frozen_probe/xref-frozen_probe.html
16208 INFO: checking PYZ
16208 INFO: Building PYZ because PYZ-00.toc is non existent
16208 INFO: Building PYZ (ZlibArchive) /tmp/fdm-quick-correction-frozen-20260915/build/frozen_probe/PYZ-00.pyz
17125 INFO: Building PYZ (ZlibArchive) /tmp/fdm-quick-correction-frozen-20260915/build/frozen_probe/PYZ-00.pyz completed successfully.
17135 INFO: EXE target arch: arm64
17135 INFO: Code signing identity: None
17135 INFO: checking PKG
17135 INFO: Building PKG because PKG-00.toc is non existent
17135 INFO: Building PKG (CArchive) fdm-quick-geometry-probe.pkg
17147 INFO: Building PKG (CArchive) fdm-quick-geometry-probe.pkg completed successfully.
17147 INFO: Bootloader /Users/lishuyang/PycharmProjects/fiber-diameter-measurement/.venv/lib/python3.13/site-packages/PyInstaller/bootloader/Darwin-64bit/run
17147 INFO: checking EXE
17147 INFO: Building EXE because EXE-00.toc is non existent
17147 INFO: Building EXE from EXE-00.toc
17147 INFO: Copying bootloader EXE to /tmp/fdm-quick-correction-frozen-20260915/build/frozen_probe/fdm-quick-geometry-probe
17148 INFO: Converting EXE to target arch (arm64)
17170 INFO: Removing signature(s) from EXE
17188 INFO: Modifying Mach-O image UUID(s) in EXE
17196 INFO: Appending PKG archive to EXE
17199 INFO: Fixing EXE headers for code signing
17201 INFO: Rewriting the executable's macOS SDK version (15.5.0) to match the SDK version of the Python library (12.1.0) in order to avoid inconsistent behavior and potential UI issues in the frozen application.
17202 INFO: Re-signing the EXE
17229 INFO: Building EXE from EXE-00.toc completed successfully.
17234 INFO: checking COLLECT
17234 INFO: Building COLLECT because COLLECT-00.toc is non existent
17234 INFO: Building COLLECT COLLECT-00.toc
34799 INFO: Building COLLECT COLLECT-00.toc completed successfully.
34806 INFO: Build complete! The results are available in: /tmp/fdm-quick-correction-frozen-20260915/dist
